
 RUN  v4.0.18 C:/Users/yanko/Documents/pf/organizacion horarios/Sistema-Planificacion-de-Mantenimiento/backend

node.exe : No test files 
found, exiting with code 1
En C:\Program 
Files\nodejs\npx.ps1: 29 
Carácter: 3
+   & $NODE_EXE $NPX_CLI_JS 
$args
+   
~~~~~~~~~~~~~~~~~~~~~~~~~~~~~
    + CategoryInfo          : 
    NotSpecified: (No test f  
  iles found, exiting with    
 code 1:String) [], Remote    
Exception
    + FullyQualifiedErrorId : 
    NativeCommandError
 

filter: backend/src/modules/fa
llas/logic/__tests__/fallasPro
cessor.test.ts
include: **/*.{test,spec}.?(c|
m)[jt]s?(x)
exclude:  **/node_modules/**, 
**/.git/**

